{
  "status": "PASS_SOURCE_ONLY_ORIGINAL_STATISTICS_AND_METADATA_SCOPE",
  "compiled": [
    "binding.py",
    "build.py",
    "check_source.py",
    "verify_numeric.py",
    "verify_saved.py"
  ],
  "original_per_record_loop_inverse_exact": true,
  "added_per_record_guards": "Explicit matchingseed/IID Benign/alpha5000; provenance records actual304 or310 source root",
  "original_fsum_SD_and_count_loops_AST_exact": true,
  "original_source_functions": {
    "evidence:statistic": "ab2243eedd0ff9486ddaa3c4b9451c175954de3624179beed04af406a40711a6",
    "evidence:summarize": "0c3dee2b6b5abc09c33cafe9a4bced54d20449407849293b6fcbec731622ff06",
    "C_panels:panels": "86b11258de0150706addb547e7895a91841d1557242a36e29533f28ffafee5f8",
    "receipt_identity_source:receipt_identity": "ddd738e1381ab501800944ffde377206f7fbc6754b50dbd1da7b2b05083068ae",
    "receipt_identity_source:normalized": "5e3494d5369d1707942633dda6fff03332881b6168412fff6a68e7fe9d1fe763",
    "full_record_source:full_record": "a701d2610d7d550b2211cb1916ae5ec6700343b02d1e4c7f6f7fff90680bf24b"
  },
  "metadata_fixtures": {
    "valid_native312": "ACCEPT",
    "native309": "REJECT",
    "replay311": "REJECT",
    "wrong_variant": "REJECT",
    "wrong_seed": "REJECT",
    "duplicate": "REJECT",
    "old_prefix_changed": "REJECT",
    "extra_binding": "REJECT",
    "not_adopted": "REJECT",
    "test_enabled": "REJECT",
    "nonzero_native_difference": "REJECT"
  },
  "numeric_builder_calls": 0,
  "scientific_verifier_calls": 0,
  "fit": 0,
  "CNN": 0,
  "F_bulk_reads": 0
}
