
================================================================================
快速测试 - 检测错误
================================================================================
配置: 3轮, 20客户端, 4恶意

开始测试...

测试: FedAvg_RW | benign

============================================================
加载 Adult Income 数据集
============================================================
[OK] Adult数据集加载完成
   训练集: 30162 样本
   测试集: 15059 样本
   特征数: 13
   敏感属性: sex (Male=1, Female=0)
参与聚合的客户端: [0, 1, 2, 3, 4, 5, 6, 7, 8, 9, 10, 11, 12, 13, 14, 15, 16, 17, 18, 19]
