{
  "documents": [
    {
      "candidate": "rebuttal_integrated_A80_reader_20261011.md",
      "sha256": "882dab1aafe77f7a2792c15bfe3322b9e1ac0d0b7e165c95ed06a5baf3b07354",
      "bytes": 127403,
      "edit_operations": 12,
      "forward_and_inverse_bytes_exact": true,
      "original_comment_count": 24,
      "original_comment_text_and_order_exact": true,
      "all_old_number_string_occurrences_preserved": 1474,
      "added_number_string_occurrences": 122,
      "all_old_links_preserved": 56,
      "added_link_occurrences": 5,
      "all_old_external_URLs_preserved": true,
      "all_old_scientific_tables_exact": true,
      "only_P2_pending_row_updated": true,
      "all_old_prose_preserved_except_declared_historical_labels": true,
      "front_matter_exact": true
    },
    {
      "candidate": "manuscript_insertions_integrated_A80_reader_20261011.md",
      "sha256": "94a98f5d196cf9ef3a2ba6ddc7f6fa1cab2273b92ce30a3c67a015254386a6e1",
      "bytes": 89870,
      "edit_operations": 5,
      "forward_and_inverse_bytes_exact": true,
      "original_comment_count": 0,
      "original_comment_text_and_order_exact": true,
      "all_old_number_string_occurrences_preserved": 1135,
      "added_number_string_occurrences": 111,
      "all_old_links_preserved": 52,
      "added_link_occurrences": 5,
      "all_old_external_URLs_preserved": true,
      "all_old_scientific_tables_exact": true,
      "only_P2_pending_row_updated": false,
      "all_old_prose_preserved_except_declared_historical_labels": true
    }
  ],
  "new_link_targets_checked_locally": [
    "E:/OneDrive/文档/GuardFed/docs/server_deployment_20260923/training_20260923/celeba_mechanism_v1/three_view_A_eight_scenes80_20261011/IID_SEED_FIRST.json",
    "E:/OneDrive/文档/GuardFed/docs/server_deployment_20260923/training_20260923/celeba_mechanism_v1/three_view_A_eight_scenes80_20261011/ROOT_VERIFICATION.json",
    "E:/OneDrive/文档/GuardFed/docs/server_deployment_20260923/training_20260923/celeba_mechanism_v1/three_view_A_eight_scenes80_20261011/TABLES.md",
    "E:/OneDrive/文档/GuardFed/docs/server_deployment_20260923/training_20260923/celeba_mechanism_v1/three_view_A_eight_scenes80_20261011/tables.json"
  ],
  "status": "PASS_A80_READER_INTEGRATION_AUTHOR_REVIEW_ONLY",
  "original_document_checks_actually_executed_once": true,
  "original_check_reuse": {
    "source_sha256": "9ef3d3b56516ca35e4e5b95491427e4eb349f81b9e5418cf913c1eb73d83b2a7",
    "document_check_AST_sha256": "cd1654280433344dbdf2f48e1f1f32c894a9283b1d8349648762e6d4d81e9cf6",
    "document_check_statements_reused_unchanged": 7,
    "original_quotation_sentence_helpers_sha256": "121f662597979569869b145463a9b2fe34f0debffa7a486e02e06ba420d7bbc7",
    "old_cohort_checks_rerun": false
  },
  "new_mean_sd_pairs_bound_to_JSON_pointers": 12,
  "fixed_10_9_6_direction_panels_bound": 18,
  "explicit_ten_seed_interpretation_sign_bindings": 6,
  "root_reader_sha256": "101ba9240e0be4ea471ae12b6d438ff30336d2ae8d5411cdd68c41e689435afb",
  "A80_root_sha256": "d2245e4d9de68b415931dccc7d1f70c39a871c226c59d9973675dfc1d3cc1bc7",
  "source_statistics_recomputed": false,
  "self_check": true,
  "independent_review": false,
  "canonical_written": false,
  "manuscript_applied": false,
  "author_review": true,
  "primary_endpoint_selected": false,
  "final_test": false,
  "new_CNN_fit_training_SSH_Git_bulk_writes": 0,
  "manifest_sha256": "dffec9747fad42efe50a5499b0ee51f42e3d1020629ec052855fe7954109ea57",
  "fact_bindings_sha256": "58e24d93ff41882bdea04fb68a351a28590677d09d66c6cf71d910f62b121e1f",
  "checker_sha256": "c2c0fbe90f37572ab2b30c38626710053d6f24eb23c1d6aac1f9742658511dd2"
}
