This is XeTeX, Version 3.141592653-2.6-0.999997 (MiKTeX 25.12) (preloaded format=xelatex.fmt)
entering extended mode
(wrapper.tex
LaTeX2e <2025-11-01>
L3 programming layer <2025-12-24>
(C:\Users\周亚楠\AppData\Local\Programs\MiKTeX\tex/latex/base\article.cls
Document Class: article 2025/01/22 v1.4n Standard LaTeX document class
(C:\Users\周亚楠\AppData\Local\Programs\MiKTeX\tex/latex/base\size11.clo))
(C:\Users\周亚楠\AppData\Local\Programs\MiKTeX\tex/latex/geometry\geometry.sty
(C:\Users\周亚楠\AppData\Local\Programs\MiKTeX\tex/latex/graphics\keyval.sty)
(C:\Users\周亚楠\AppData\Local\Programs\MiKTeX\tex/generic/iftex\ifvtex.sty
(C:\Users\周亚楠\AppData\Local\Programs\MiKTeX\tex/generic/iftex\iftex.sty))
(C:\Users\周亚楠\AppData\Local\Programs\MiKTeX\tex/latex/geometry\geometry.cfg))
(C:\Users\周亚楠\AppData\Local\Programs\MiKTeX\tex/latex/multirow\multirow.sty)
(C:\Users\周亚楠\AppData\Local\Programs\MiKTeX\tex/latex/graphics\graphicx.sty
(C:\Users\周亚楠\AppData\Local\Programs\MiKTeX\tex/latex/graphics\graphics.sty
(C:\Users\周亚楠\AppData\Local\Programs\MiKTeX\tex/latex/graphics\trig.sty)
(C:\Users\周亚楠\AppData\Local\Programs\MiKTeX\tex/latex/graphics-cfg\graphics.cfg
) (C:\Users\周亚楠\AppData\Local\Programs\MiKTeX\tex/latex/graphics-def\xetex.def)
))
(C:\Users\周亚楠\AppData\Local\Programs\MiKTeX\tex/latex/l3backend\l3backend-xetex
.def) (celeba_nine_method_three_view.aux)
*geometry* driver: auto-detecting
*geometry* detected driver: xetex
(fragments_unique/raw/celeba_iid_noniid_ten_seed.tex
Overfull \hbox (0.13133pt too wide) in paragraph at lines 7--49
 [][] 
) [1] (fragments_unique/raw/celeba_iid_noniid_exclude_selection.tex
Overfull \hbox (0.13133pt too wide) in paragraph at lines 7--49
 [][] 
) [2] (fragments_unique/raw/celeba_iid_noniid_matching_six.tex
Overfull \hbox (0.13133pt too wide) in paragraph at lines 7--49
 [][] 
) [3] (fragments_unique/native/celeba_iid_noniid_ten_seed.tex
Overfull \hbox (0.13133pt too wide) in paragraph at lines 7--49
 [][] 
) [4] (fragments_unique/native/celeba_iid_noniid_exclude_selection.tex
Overfull \hbox (0.13133pt too wide) in paragraph at lines 7--49
 [][] 
) [5] (fragments_unique/native/celeba_iid_noniid_matching_six.tex
Overfull \hbox (0.13133pt too wide) in paragraph at lines 7--49
 [][] 
) [6] (fragments_unique/shared_calibration/celeba_iid_noniid_ten_seed.tex
Overfull \hbox (0.13133pt too wide) in paragraph at lines 7--49
 [][] 
) [7]
(fragments_unique/shared_calibration/celeba_iid_noniid_exclude_selection.tex
Overfull \hbox (0.13133pt too wide) in paragraph at lines 7--49
 [][] 
) [8] (fragments_unique/shared_calibration/celeba_iid_noniid_matching_six.tex
Overfull \hbox (0.13133pt too wide) in paragraph at lines 7--49
 [][] 
) [9] (celeba_nine_method_three_view.aux)miktex-dvipdfmx: major issue: So far, you have not checked for MiKTeX updates.
 )
(see the transcript file for additional information)
Output written on celeba_nine_method_three_view.pdf (9 pages).
Transcript written on celeba_nine_method_three_view.log.
xelatex: major issue: So far, you have not checked for MiKTeX updates.
