This is XeTeX, Version 3.141592653-2.6-0.999997 (MiKTeX 25.12) (preloaded format=xelatex 2026.5.11)  10 OCT 2026 03:52
entering extended mode
 file:line:error style messages enabled.
 %&-line parsing enabled.
**./wrapper.tex
(wrapper.tex
LaTeX2e <2025-11-01>
L3 programming layer <2025-12-24>
(C:\Users\周亚楠\AppData\Local\Programs\MiKTeX\tex/latex/base\article.cls
Document Class: article 2025/01/22 v1.4n Standard LaTeX document class
(C:\Users\周亚楠\AppData\Local\Programs\MiKTeX\tex/latex/base\size11.clo
File: size11.clo 2025/01/22 v1.4n Standard LaTeX file (size option)
)
\c@part=\count271
\c@section=\count272
\c@subsection=\count273
\c@subsubsection=\count274
\c@paragraph=\count275
\c@subparagraph=\count276
\c@figure=\count277
\c@table=\count278
\abovecaptionskip=\skip49
\belowcaptionskip=\skip50
\bibindent=\dimen148
)
(C:\Users\周亚楠\AppData\Local\Programs\MiKTeX\tex/latex/geometry\geometry.sty
Package: geometry 2026/03/07 v6.0 Page Geometry

(C:\Users\周亚楠\AppData\Local\Programs\MiKTeX\tex/latex/graphics\keyval.sty
Package: keyval 2022/05/29 v1.15 key=value parser (DPC)
\KV@toks@=\toks17
)
(C:\Users\周亚楠\AppData\Local\Programs\MiKTeX\tex/generic/iftex\ifvtex.sty
Package: ifvtex 2019/10/25 v1.7 ifvtex legacy package. Use iftex instead.

(C:\Users\周亚楠\AppData\Local\Programs\MiKTeX\tex/generic/iftex\iftex.sty
Package: iftex 2024/12/12 v1.0g TeX engine tests
))
\Gm@cnth=\count279
\Gm@cntv=\count280
\c@Gm@tempcnt=\count281
\Gm@bindingoffset=\dimen149
\Gm@wd@mp=\dimen150
\Gm@odd@mp=\dimen151
\Gm@even@mp=\dimen152
\Gm@layoutwidth=\dimen153
\Gm@layoutheight=\dimen154
\Gm@layouthoffset=\dimen155
\Gm@layoutvoffset=\dimen156
\Gm@dimlist=\toks18

(C:\Users\周亚楠\AppData\Local\Programs\MiKTeX\tex/latex/geometry\geometry.cfg))
(C:\Users\周亚楠\AppData\Local\Programs\MiKTeX\tex/latex/multirow\multirow.sty
Package: multirow 2024/11/12 v2.9 Span multiple rows of a table
\multirow@colwidth=\skip51
\multirow@cntb=\count282
\multirow@dima=\skip52
\bigstrutjot=\dimen157
)
(C:\Users\周亚楠\AppData\Local\Programs\MiKTeX\tex/latex/graphics\graphicx.sty
Package: graphicx 2024/12/31 v1.2e Enhanced LaTeX Graphics (DPC,SPQR)

(C:\Users\周亚楠\AppData\Local\Programs\MiKTeX\tex/latex/graphics\graphics.sty
Package: graphics 2024/08/06 v1.4g Standard LaTeX Graphics (DPC,SPQR)

(C:\Users\周亚楠\AppData\Local\Programs\MiKTeX\tex/latex/graphics\trig.sty
Package: trig 2023/12/02 v1.11 sin cos tan (DPC)
)
(C:\Users\周亚楠\AppData\Local\Programs\MiKTeX\tex/latex/graphics-cfg\graphics.cfg
File: graphics.cfg 2016/06/04 v1.11 sample graphics configuration
)
Package graphics Info: Driver file: xetex.def on input line 106.
 (C:\Users\周亚楠\AppData\Local\Programs\MiKTeX\tex/latex/graphics-def\xetex.def
File: xetex.def 2025/11/01 v5.0p Graphics/color driver for xetex
))
\Gin@req@height=\dimen158
\Gin@req@width=\dimen159
)
(C:\Users\周亚楠\AppData\Local\Programs\MiKTeX\tex/latex/l3backend\l3backend-xetex
.def
File: l3backend-xetex.def 2025-10-09 L3 backend support: XeTeX
\g__graphics_track_int=\count283
\g__pdfannot_backend_int=\count284
\g__pdfannot_backend_link_int=\count285
) (celeba_nine_method_three_view.aux)
\openout1 = `celeba_nine_method_three_view.aux'.

LaTeX Font Info:    Checking defaults for OML/cmm/m/it on input line 10.
LaTeX Font Info:    ... okay on input line 10.
LaTeX Font Info:    Checking defaults for OMS/cmsy/m/n on input line 10.
LaTeX Font Info:    ... okay on input line 10.
LaTeX Font Info:    Checking defaults for OT1/cmr/m/n on input line 10.
LaTeX Font Info:    ... okay on input line 10.
LaTeX Font Info:    Checking defaults for T1/cmr/m/n on input line 10.
LaTeX Font Info:    ... okay on input line 10.
LaTeX Font Info:    Checking defaults for TS1/cmr/m/n on input line 10.
LaTeX Font Info:    ... okay on input line 10.
LaTeX Font Info:    Checking defaults for TU/lmr/m/n on input line 10.
LaTeX Font Info:    ... okay on input line 10.
LaTeX Font Info:    Checking defaults for OMX/cmex/m/n on input line 10.
LaTeX Font Info:    ... okay on input line 10.
LaTeX Font Info:    Checking defaults for U/cmr/m/n on input line 10.
LaTeX Font Info:    ... okay on input line 10.

*geometry* driver: auto-detecting
*geometry* detected driver: xetex
*geometry* verbose mode - [ preamble ] result:
* driver: xetex
* paper: a3paper
* layout: <same size as paper>
* layoutoffset:(h,v)=(0.0pt,0.0pt)
* modes: landscape 
* h-part:(L,W,R)=(34.1433pt, 1126.72916pt, 34.1433pt)
* v-part:(T,H,B)=(34.1433pt, 776.76025pt, 34.1433pt)
* \paperwidth=1195.01575pt
* \paperheight=845.04684pt
* \textwidth=1126.72916pt
* \textheight=776.76025pt
* \oddsidemargin=-38.1267pt
* \evensidemargin=-38.1267pt
* \topmargin=-75.1267pt
* \headheight=12.0pt
* \headsep=25.0pt
* \topskip=11.0pt
* \footskip=30.0pt
* \marginparwidth=59.0pt
* \marginparsep=10.0pt
* \columnsep=10.0pt
* \skip\footins=10.0pt plus 4.0pt minus 2.0pt
* \hoffset=0.0pt
* \voffset=0.0pt
* \mag=1000
* \@twocolumnfalse
* \@twosidefalse
* \@mparswitchfalse
* \@reversemarginfalse
* (1in=72.27pt=25.4mm, 1cm=28.453pt)

(fragments_unique/raw/celeba_iid_noniid_ten_seed.tex
LaTeX Font Info:    External font `cmex10' loaded for size
(Font)              <10.95> on input line 4.
LaTeX Font Info:    External font `cmex10' loaded for size
(Font)              <8> on input line 4.
LaTeX Font Info:    External font `cmex10' loaded for size
(Font)              <6> on input line 4.

Overfull \hbox (0.13133pt too wide) in paragraph at lines 7--49
 [][] 
 []

)
LaTeX Font Info:    External font `cmex10' loaded for size
(Font)              <9> on input line 16.
LaTeX Font Info:    External font `cmex10' loaded for size
(Font)              <5> on input line 16.
 [1

] (fragments_unique/raw/celeba_iid_noniid_exclude_selection.tex
Overfull \hbox (0.13133pt too wide) in paragraph at lines 7--49
 [][] 
 []

) [2] (fragments_unique/raw/celeba_iid_noniid_matching_six.tex
Overfull \hbox (0.13133pt too wide) in paragraph at lines 7--49
 [][] 
 []

) [3] (fragments_unique/native/celeba_iid_noniid_ten_seed.tex
Overfull \hbox (0.13133pt too wide) in paragraph at lines 7--49
 [][] 
 []

) [4] (fragments_unique/native/celeba_iid_noniid_exclude_selection.tex
Overfull \hbox (0.13133pt too wide) in paragraph at lines 7--49
 [][] 
 []

) [5] (fragments_unique/native/celeba_iid_noniid_matching_six.tex
Overfull \hbox (0.13133pt too wide) in paragraph at lines 7--49
 [][] 
 []

) [6] (fragments_unique/shared_calibration/celeba_iid_noniid_ten_seed.tex
Overfull \hbox (0.13133pt too wide) in paragraph at lines 7--49
 [][] 
 []

) [7]
(fragments_unique/shared_calibration/celeba_iid_noniid_exclude_selection.tex
Overfull \hbox (0.13133pt too wide) in paragraph at lines 7--49
 [][] 
 []

) [8] (fragments_unique/shared_calibration/celeba_iid_noniid_matching_six.tex
Overfull \hbox (0.13133pt too wide) in paragraph at lines 7--49
 [][] 
 []

) [9] (celeba_nine_method_three_view.aux)
 ***********
LaTeX2e <2025-11-01>
L3 programming layer <2025-12-24>
 ***********
 ) 
Here is how much of TeX's memory you used:
 1624 strings out of 402987
 28848 string characters out of 5448938
 483217 words of memory out of 5000000
 30323 multiletter control sequences out of 15000+600000
 631436 words of font info for 60 fonts, out of 8000000 for 9000
 1348 hyphenation exceptions out of 8191
 57i,11n,65p,392b,193s stack positions out of 10000i,1000n,20000p,200000b,200000s

Output written on celeba_nine_method_three_view.pdf (9 pages).
