{
  "status": "PASS",
  "mode": "remote_readonly_cpu",
  "partitions": 20,
  "client_rows": 400,
  "missing": {
    "IID": {
      "empty_client": 0,
      "missing_sensitive_group": 0,
      "missing_label": 0,
      "missing_joint_cell": 0
    },
    "non-IID": {
      "empty_client": 0,
      "missing_sensitive_group": 0,
      "missing_label": 0,
      "missing_joint_cell": 0
    }
  },
  "summary": {
    "IID": {
      "Smiling1_fraction_min": {
        "n_seeds": 10,
        "mean": 0.46975661245579586,
        "sample_sd": 0.0036503952291362255,
        "min": 0.462784949189783,
        "max": 0.4741129366284689
      },
      "Smiling1_fraction_max": {
        "n_seeds": 10,
        "mean": 0.4900847023603297,
        "sample_sd": 0.0035369881989832704,
        "min": 0.4855221627555921,
        "max": 0.49629731212287437
      },
      "Smiling1_fraction_population_sd": {
        "n_seeds": 10,
        "mean": 0.005498444554730668,
        "sample_sd": 0.0011240667595399942,
        "min": 0.0033596677781179032,
        "max": 0.006963026573737181
      },
      "joint_tvd_mean": {
        "n_seeds": 10,
        "mean": 0.00736609594536373,
        "sample_sd": 0.00072341125570781,
        "min": 0.006277897378576772,
        "max": 0.008354241398098095
      },
      "joint_tvd_max": {
        "n_seeds": 10,
        "mean": 0.013765555627050636,
        "sample_sd": 0.0024656727553337863,
        "min": 0.01007018439690889,
        "max": 0.016917152617129255
      },
      "minimum_client_joint_support": {
        "n_seeds": 10,
        "mean": 1175.2,
        "sample_sd": 6.47731082746193,
        "min": 1161.0,
        "max": 1185.0
      },
      "first4_sample_coverage": {
        "n_seeds": 10,
        "mean": 0.19964025584840234,
        "sample_sd": 0.001024619330290489,
        "min": 0.19817329155659313,
        "max": 0.20155911886574784
      },
      "first4_Male0_Smiling0_coverage": {
        "n_seeds": 10,
        "mean": 0.19871840533210416,
        "sample_sd": 0.002362082851396058,
        "min": 0.19377479401891975,
        "max": 0.20194436668108823
      },
      "first4_Male0_Smiling1_coverage": {
        "n_seeds": 10,
        "mean": 0.20005257067179594,
        "sample_sd": 0.0013923250541391136,
        "min": 0.19789616410794733,
        "max": 0.20204799021855419
      },
      "first4_Male1_Smiling0_coverage": {
        "n_seeds": 10,
        "mean": 0.19969180061770958,
        "sample_sd": 0.0018440699238229073,
        "min": 0.1981047786652227,
        "max": 0.20422821520531237
      },
      "first4_Male1_Smiling1_coverage": {
        "n_seeds": 10,
        "mean": 0.20027206710920945,
        "sample_sd": 0.0025757868430460193,
        "min": 0.19757654617167486,
        "max": 0.2062090572486471
      }
    },
    "non-IID": {
      "Smiling1_fraction_min": {
        "n_seeds": 10,
        "mean": 0.4422442625343506,
        "sample_sd": 0.004221471701249457,
        "min": 0.4374734607218684,
        "max": 0.44903988183161003
      },
      "Smiling1_fraction_max": {
        "n_seeds": 10,
        "mean": 0.5150117624972812,
        "sample_sd": 0.006184065640913361,
        "min": 0.5055081904396973,
        "max": 0.5238095238095238
      },
      "Smiling1_fraction_population_sd": {
        "n_seeds": 10,
        "mean": 0.019642920938149323,
        "sample_sd": 0.0020277034595823067,
        "min": 0.01612595065610228,
        "max": 0.0220920326593326
      },
      "joint_tvd_mean": {
        "n_seeds": 10,
        "mean": 0.1134079669594015,
        "sample_sd": 0.017341455107677047,
        "min": 0.08218764527138345,
        "max": 0.13347228990751203
      },
      "joint_tvd_max": {
        "n_seeds": 10,
        "mean": 0.2867060625918547,
        "sample_sd": 0.023434822469686627,
        "min": 0.24900120369801515,
        "max": 0.32365384440650596
      },
      "minimum_client_joint_support": {
        "n_seeds": 10,
        "mean": 431.5,
        "sample_sd": 91.37134245605797,
        "min": 278.0,
        "max": 541.0
      },
      "first4_sample_coverage": {
        "n_seeds": 10,
        "mean": 0.18874075894411338,
        "sample_sd": 0.031322037819695496,
        "min": 0.15173421255623135,
        "max": 0.24661246612466126
      },
      "first4_Male0_Smiling0_coverage": {
        "n_seeds": 10,
        "mean": 0.18214470333015242,
        "sample_sd": 0.034297814752398674,
        "min": 0.1413766827533655,
        "max": 0.25391291069656174
      },
      "first4_Male0_Smiling1_coverage": {
        "n_seeds": 10,
        "mean": 0.18353676524861492,
        "sample_sd": 0.033703079245455014,
        "min": 0.14631850814218175,
        "max": 0.252594777668524
      },
      "first4_Male1_Smiling0_coverage": {
        "n_seeds": 10,
        "mean": 0.19666030945068555,
        "sample_sd": 0.05566941058338186,
        "min": 0.15245191005147657,
        "max": 0.3019697216343806
      },
      "first4_Male1_Smiling1_coverage": {
        "n_seeds": 10,
        "mean": 0.1971031682974432,
        "sample_sd": 0.05614126669873988,
        "min": 0.14964322120285423,
        "max": 0.30902876673312446
      }
    }
  }
}
