{
  "status": "PASS_EXACT8_SOURCE_AND_ACTUAL_METADATA_ONLY_NO_DISPATCH",
  "exact_ids": [
    "CosineFairness_lam20.0_tau0.1_lr0.001_IID_Benign_seed91003_fullcoverage",
    "CosineFairness_lam20.0_tau0.1_lr0.001_IID_Benign_seed91004_fullcoverage",
    "CosineFairness_lam20.0_tau0.1_lr0.001_IID_Benign_seed91005_fullcoverage",
    "CosineFairness_lam20.0_tau0.1_lr0.001_IID_Benign_seed91006_fullcoverage",
    "CosineFairness_lam20.0_tau0.1_lr0.001_IID_Benign_seed91007_fullcoverage",
    "CosineFairness_lam20.0_tau0.1_lr0.001_IID_Benign_seed91008_fullcoverage",
    "CosineFairness_lam20.0_tau0.1_lr0.001_IID_Benign_seed91009_fullcoverage",
    "CosineFairness_lam20.0_tau0.1_lr0.001_IID_Benign_seed91010_fullcoverage"
  ],
  "candidate_sha256": "1a6370c1d3d61421689e03bdf413413364c71a7a9befb3fe06df9355dc6a7334",
  "manifest_sha256": "9e70c2ea7e09a932b7320cd25848c9776f10a3a9fdf0d7db5c54bf5e12f7a0de",
  "saved_consumer_sha256": "e07dc3c54ed45cfe9e040f39d56d8ab8373ab7b972cf6e1e36cbc72ba4afd8ad",
  "compiled": [
    "candidate.py",
    "check_saved.py",
    "check_source.py",
    "freeze_inputs.py",
    "originals/bridge.py",
    "originals/core.py",
    "originals/evaluator.py",
    "originals/fl_candidate.py",
    "originals/hybrid_bridge.py",
    "originals/receipt_diff.py",
    "originals/replay.py",
    "originals/saved_output_audit.py",
    "originals/saved_science.py",
    "proofs/body.py"
  ],
  "actual_private_identity_records": 8,
  "original_scientific_functions": {
    "digest": "b61a9bc2544c021d8c8f014b68dd61a444097277b1af4ebf5327f8edc5d26a12",
    "canonical_sha": "611d9051d23b3c47f417bf40b08c19119019aaf71cade1498c982b0481ea3665",
    "vector_identity": "61c1f62c772cc7b825b1610fb515e52b86fefe8e9e9842d814d9e4c3db28eda0",
    "weights_identity": "167ad81a8a41308a43751daab0a7a04aea972c9b4985b65dd480e890f8bbead8",
    "check_binary": "fd62a1e69e83bf34fa6970a96ffe446637aef7267ec1718b7547c5eba2f3e264",
    "group_metrics": "6bed8e51cbc960f87657d0295060c4d482631efdc912f34a60d224ef4f6dd291",
    "thresholds_from_root": "3f839a5de010c51fe795457ae3ffdba2c048bfcc74477ee9fb25f9f698363d54",
    "_seal_fit": "37c63b3ba8629700992747ead5362d4cd20794de2bab3a6071f6ea7e273dc1ca",
    "fit_views": "b6549daf20a14eb557bb3cd0ef525de1e08fcc8a9039deb7d524d08949084cd0",
    "predict_views": "a58573172d6fd08a0973a068b37173d7d14b21aaf8d192892c2fc5807415e99c",
    "evaluate_frozen_predictions": "b4144933cf8de2c4f0ef6e1ce9910e3cda9127ed542f8c3cb36f297b76d7b39f",
    "extract_and_predict": "95ec9660195809a3764375fdb83de246b6f111a9a4cd9e85af37652f66af5711",
    "require": "9775a8b3969599d5d1f620d9717824195d7ab69490eafb5e7b8d1bacbf14df85",
    "array_sha": "db72d3e3438fe238934c1af5b7a71e69c03790f054e8d7a667d02bce4420489f",
    "support": "2a6bafa478746c735b5660c9afa884783a71d363b0356113f189135c278c3438",
    "rebuild_root": "0f7b1d7f37754f0cb661a2b32a27390f394d8bed0dd2a6d45b6bff86f5dc84a6",
    "check_native": "2f5583d5585a2a2aac139fe86affba781b94053b4fb2417c4bce59b5f9805291"
  },
  "original_replay_AST_exact_after_reversing_scope_string": true,
  "original_resource_gate_AST_exact_after_reversing_affinity_binding": true,
  "original_whole_check_saved_source_sha256": "d512e5b2b6614b762d921dd94b2b5162687c0bbddde4caaf8b584b3b22dba745",
  "seven_saved_output_statements_AST_exact": true,
  "shared_calibration": {
    "ad2_calibration_base_weight": 1.0,
    "ad2_calibration_budget": 0.06,
    "ad2_calibration_temperature": 0.03,
    "ad2_calibration_quantiles": 41,
    "ad2_calibration_max_acc_drop": 0.005,
    "ad2_calibration_objective": "acc_floor",
    "ad2_calibration_enabled": true
  },
  "first_native_canary": "CosineFairness_lam20.0_tau0.1_lr0.001_IID_Benign_seed91003_fullcoverage",
  "remaining_sequential": 7,
  "CPU_affinity_pending": true,
  "affinity_cardinality_options": [
    8,
    32
  ],
  "compute_threads": 8,
  "reserved_CPUs": [
    11,
    12,
    13,
    14,
    15,
    16,
    17,
    18,
    32,
    33,
    34,
    35,
    36,
    37,
    38,
    39,
    40,
    41,
    42,
    43,
    44,
    45,
    46,
    47,
    48,
    49,
    50,
    51,
    52,
    53,
    54,
    55,
    56,
    57,
    58,
    59,
    60,
    61,
    62,
    63,
    102,
    103,
    104,
    105,
    106,
    107,
    108,
    109,
    110,
    111,
    112,
    113,
    114,
    115,
    116,
    117,
    118,
    119
  ],
  "Linux_whole_CPU110_requires_FL_EXITED_and_free": true,
  "refusal_checks": [
    {
      "case": "skip91002",
      "error": "Exact8 order required"
    },
    {
      "case": "wrong_checkpoint",
      "error": "Wrong checkpoint"
    },
    {
      "case": "test",
      "error": "Original training provenance changed"
    }
  ],
  "torch_imported": false,
  "model_or_array_opened": false,
  "forward_calls": 0,
  "fit_calls": 0,
  "new_three_view_accepted": 0,
  "dispatch_authorized": false
}
