{
  "per_scene": {
    "mean_sd_scalars": 1296,
    "max_abs_difference": 1.4210854715202004e-14,
    "partial_pairs_excluded": 0,
    "receipt_metrics_from_group_counts": 1440,
    "base_confusion_counts_structurally_checked": 3840
  },
  "seed_first": {
    "mean_sd_scalars": 162,
    "max_abs_difference": 1.4210854715202004e-14,
    "n_is_seed_count": true,
    "scene_count_per_seed": 5
  },
  "status": "PASS",
  "all_scalars": 1458,
  "all_display_cells": 729,
  "old120_object_bytes_order_exact": true,
  "old972_scalars_and486_cells_exact": true,
  "old_IID_seed_first_JSON_bytes_exact": true,
  "tex_fragment_tables": 18,
  "tex_compiled": false,
  "new_inference": 0,
  "new_fit": 0
}
