{
  "status": "STDLIB_OPERATION_TRACE_DIAGNOSTIC_NOT_ACCEPTANCE",
  "id": "FLGMM_Tg20_L2.0_lr0.001_IID_Benign_seed91006_fullcoverage",
  "source_seal_sha256": "cf2a49473573a721956993bdee9b3128f1ae3a2f78ee9716324fda79e48cb536",
  "inputs_sha256": "2d98d4765bc963b68249fc109794ba56e95e017b9a018b0b5630ca662545a464",
  "operands": {
    "base_aeod": {
      "value": 0.029524926868719215,
      "hex": "0x1.e3bc84d459240p-6"
    },
    "base_aspd": {
      "value": 0.09569335418675129,
      "hex": "0x1.87f5c12ad3860p-4"
    },
    "captured_base_risk": {
      "value": 0.06260914052773525,
      "hex": "0x1.0072712ff4e78p-4"
    },
    "base_weight": {
      "value": 1.0,
      "hex": "0x1.0000000000000p+0"
    },
    "budget": {
      "value": 0.06,
      "hex": "0x1.eb851eb851eb8p-5"
    },
    "temperature": {
      "value": 0.03,
      "hex": "0x1.eb851eb851eb8p-6"
    },
    "risk_multiplier": {
      "value": 0.5,
      "hex": "0x1.0000000000000p-1"
    },
    "temperature_minimum": {
      "value": 1e-06,
      "hex": "0x1.0c6f7a0b5ed8dp-20"
    }
  },
  "captured_lambdas": {
    "windows": {
      "value": 0.7375780601662502,
      "hex": "0x1.79a3d4dd52843p-1"
    },
    "linux": {
      "value": 0.7375780601662503,
      "hex": "0x1.79a3d4dd52844p-1"
    }
  },
  "sum_operands_in_order": [
    {
      "value": 0.029524926868719215,
      "hex": "0x1.e3bc84d459240p-6"
    },
    {
      "value": 0.09569335418675129,
      "hex": "0x1.87f5c12ad3860p-4"
    }
  ],
  "sum_operations": {
    "original_binary_add": {
      "value": 0.1252182810554705,
      "hex": "0x1.0072712ff4e78p-3"
    },
    "builtin_sum_control": {
      "value": 0.1252182810554705,
      "hex": "0x1.0072712ff4e78p-3"
    },
    "fsum_control": {
      "value": 0.1252182810554705,
      "hex": "0x1.0072712ff4e78p-3"
    }
  },
  "traces": {
    "original_binary_add": {
      "base_risk": {
        "value": 0.06260914052773525,
        "hex": "0x1.0072712ff4e78p-4"
      },
      "temperature_after_max": {
        "value": 0.03,
        "hex": "0x1.eb851eb851eb8p-6"
      },
      "risk_minus_budget": {
        "value": 0.002609140527735254,
        "hex": "0x1.55fc3a797e380p-9"
      },
      "quotient": {
        "value": 0.08697135092450847,
        "hex": "0x1.643c123e8e250p-4"
      },
      "exp": {
        "value": 1.09086542698463,
        "hex": "0x1.1742f4e53c6e9p+0"
      },
      "log1p": {
        "value": 0.7375780601662502,
        "hex": "0x1.79a3d4dd52843p-1"
      },
      "weight_times_log1p": {
        "value": 0.7375780601662502,
        "hex": "0x1.79a3d4dd52843p-1"
      },
      "matches_captured_windows_lambda": true,
      "matches_captured_linux_lambda": false
    },
    "builtin_sum_control_not_original": {
      "base_risk": {
        "value": 0.06260914052773525,
        "hex": "0x1.0072712ff4e78p-4"
      },
      "temperature_after_max": {
        "value": 0.03,
        "hex": "0x1.eb851eb851eb8p-6"
      },
      "risk_minus_budget": {
        "value": 0.002609140527735254,
        "hex": "0x1.55fc3a797e380p-9"
      },
      "quotient": {
        "value": 0.08697135092450847,
        "hex": "0x1.643c123e8e250p-4"
      },
      "exp": {
        "value": 1.09086542698463,
        "hex": "0x1.1742f4e53c6e9p+0"
      },
      "log1p": {
        "value": 0.7375780601662502,
        "hex": "0x1.79a3d4dd52843p-1"
      },
      "weight_times_log1p": {
        "value": 0.7375780601662502,
        "hex": "0x1.79a3d4dd52843p-1"
      },
      "matches_captured_windows_lambda": true,
      "matches_captured_linux_lambda": false
    },
    "fsum_control_not_original": {
      "base_risk": {
        "value": 0.06260914052773525,
        "hex": "0x1.0072712ff4e78p-4"
      },
      "temperature_after_max": {
        "value": 0.03,
        "hex": "0x1.eb851eb851eb8p-6"
      },
      "risk_minus_budget": {
        "value": 0.002609140527735254,
        "hex": "0x1.55fc3a797e380p-9"
      },
      "quotient": {
        "value": 0.08697135092450847,
        "hex": "0x1.643c123e8e250p-4"
      },
      "exp": {
        "value": 1.09086542698463,
        "hex": "0x1.1742f4e53c6e9p+0"
      },
      "log1p": {
        "value": 0.7375780601662502,
        "hex": "0x1.79a3d4dd52843p-1"
      },
      "weight_times_log1p": {
        "value": 0.7375780601662502,
        "hex": "0x1.79a3d4dd52843p-1"
      },
      "matches_captured_windows_lambda": true,
      "matches_captured_linux_lambda": false
    },
    "captured_identical_base_risk": {
      "base_risk": {
        "value": 0.06260914052773525,
        "hex": "0x1.0072712ff4e78p-4"
      },
      "temperature_after_max": {
        "value": 0.03,
        "hex": "0x1.eb851eb851eb8p-6"
      },
      "risk_minus_budget": {
        "value": 0.002609140527735254,
        "hex": "0x1.55fc3a797e380p-9"
      },
      "quotient": {
        "value": 0.08697135092450847,
        "hex": "0x1.643c123e8e250p-4"
      },
      "exp": {
        "value": 1.09086542698463,
        "hex": "0x1.1742f4e53c6e9p+0"
      },
      "log1p": {
        "value": 0.7375780601662502,
        "hex": "0x1.79a3d4dd52843p-1"
      },
      "weight_times_log1p": {
        "value": 0.7375780601662502,
        "hex": "0x1.79a3d4dd52843p-1"
      },
      "matches_captured_windows_lambda": true,
      "matches_captured_linux_lambda": false
    }
  },
  "runtime": {
    "python": "3.10.4 (tags/v3.10.4:9d38120, Mar 23 2022, 23:13:41) [MSC v.1929 64 bit (AMD64)]",
    "implementation": "CPython",
    "platform": "Windows-10-10.0.26200-SP0",
    "libc": [
      "",
      ""
    ],
    "math_module": null
  },
  "original_lambda_calls_sum_or_fsum": false,
  "fit_calls": 0,
  "CNN_calls": 0,
  "test": false,
  "scientific_acceptances": 0,
  "root_adopted": false,
  "interpretation": "Compare the first differing operation hex across measured runtimes. Sum controls are not the original lambda path. No cause or portability claim is preset."
}
