{"verified_IDs": 2, "archive": "tmp/celeba_final_valid_replay_20261009/valid_replay_canary2_receipts_20261009.tar.gz", "used_IDs": 2}
{"verified_IDs": 3, "archive": "tmp/celeba_final_valid_replay_20261009/v3/phase1_execution_20261009/phase1_useful_receipts_20261009.tar.gz", "used_IDs": 1}
{"verified_IDs": 5, "archive": "tmp/celeba_final_valid_replay_20261009/v3/phase2_execution_20261009/phase2_useful_receipts_20261009.tar.gz", "used_IDs": 2}
{"verified_IDs": 9, "archive": "tmp/celeba_final_valid_replay_20261009/v3/phase3_execution_20261009/phase3_useful_receipts_20261009.tar.gz", "used_IDs": 4}
{"verified_IDs": 17, "archive": "tmp/celeba_final_valid_replay_20261009/v4/phase4_attempt1_execution_20261009/phase4_attempt1_receipts_20261009.tar.gz", "used_IDs": 8}
{"verified_IDs": 28, "archive": "tmp/celeba_final_valid_replay_20261009/v4/phase5_attempt1_execution_20261009/phase5_attempt1_receipts_20261009.tar.gz", "used_IDs": 11}
{"verified_IDs": 39, "archive": "tmp/celeba_final_valid_replay_20261009/v4/remaining872_attempt1/chunk_000/chunk_evidence.tar.gz", "used_IDs": 11}
{"verified_IDs": 50, "archive": "tmp/celeba_final_valid_replay_20261009/v4/remaining872_attempt1/chunk_001/chunk_evidence.tar.gz", "used_IDs": 11}
{"verified_IDs": 61, "archive": "tmp/celeba_final_valid_replay_20261009/v4/remaining872_attempt1/chunk_002/chunk_evidence.tar.gz", "used_IDs": 11}
{"verified_IDs": 72, "archive": "tmp/celeba_final_valid_replay_20261009/v4/remaining872_attempt1/chunk_003/chunk_evidence.tar.gz", "used_IDs": 11}
{"verified_IDs": 83, "archive": "tmp/celeba_final_valid_replay_20261009/v4/remaining872_attempt1/chunk_004/chunk_evidence.tar.gz", "used_IDs": 11}
{"verified_IDs": 94, "archive": "tmp/celeba_final_valid_replay_20261009/v4/remaining872_attempt1/chunk_005/chunk_evidence.tar.gz", "used_IDs": 11}
{"verified_IDs": 105, "archive": "tmp/celeba_final_valid_replay_20261009/v4/remaining872_attempt1/chunk_006/chunk_evidence.tar.gz", "used_IDs": 11}
{"verified_IDs": 116, "archive": "tmp/celeba_final_valid_replay_20261009/v4/remaining872_attempt1/chunk_007/chunk_evidence.tar.gz", "used_IDs": 11}
{"verified_IDs": 127, "archive": "tmp/celeba_final_valid_replay_20261009/v4/remaining872_attempt1/chunk_008/chunk_evidence.tar.gz", "used_IDs": 11}
{"verified_IDs": 138, "archive": "tmp/celeba_final_valid_replay_20261009/v4/remaining872_attempt1/chunk_009/chunk_evidence.tar.gz", "used_IDs": 11}
{"verified_IDs": 149, "archive": "tmp/celeba_final_valid_replay_20261009/v4/remaining872_attempt1/chunk_010/chunk_evidence.tar.gz", "used_IDs": 11}
{"verified_IDs": 160, "archive": "tmp/celeba_final_valid_replay_20261009/v4/remaining872_attempt1/chunk_011/chunk_evidence.tar.gz", "used_IDs": 11}
{"verified_IDs": 171, "archive": "tmp/celeba_final_valid_replay_20261009/v4/remaining872_attempt1/chunk_012/chunk_evidence.tar.gz", "used_IDs": 11}
{"verified_IDs": 182, "archive": "tmp/celeba_final_valid_replay_20261009/v4/remaining872_attempt1/chunk_013/chunk_evidence.tar.gz", "used_IDs": 11}
{"verified_IDs": 193, "archive": "tmp/celeba_final_valid_replay_20261009/v4/remaining872_attempt1/chunk_014/chunk_evidence.tar.gz", "used_IDs": 11}
{"verified_IDs": 204, "archive": "tmp/celeba_final_valid_replay_20261009/v4/remaining872_attempt1/chunk_015/chunk_evidence.tar.gz", "used_IDs": 11}
{"verified_IDs": 215, "archive": "tmp/celeba_final_valid_replay_20261009/v4/remaining872_attempt1/chunk_016/chunk_evidence.tar.gz", "used_IDs": 11}
{"verified_IDs": 226, "archive": "tmp/celeba_final_valid_replay_20261009/v4/remaining872_attempt1/chunk_017/chunk_evidence.tar.gz", "used_IDs": 11}
{"verified_IDs": 237, "archive": "tmp/celeba_final_valid_replay_20261009/v4/remaining872_attempt1/chunk_018/chunk_evidence.tar.gz", "used_IDs": 11}
{"verified_IDs": 248, "archive": "tmp/celeba_final_valid_replay_20261009/v4/remaining872_attempt1/chunk_019/chunk_evidence.tar.gz", "used_IDs": 11}
{"verified_IDs": 259, "archive": "tmp/celeba_final_valid_replay_20261009/v4/remaining872_attempt1/chunk_020/chunk_evidence.tar.gz", "used_IDs": 11}
{"verified_IDs": 270, "archive": "tmp/celeba_final_valid_replay_20261009/v4/remaining872_attempt1/chunk_021/chunk_evidence.tar.gz", "used_IDs": 11}
{"verified_IDs": 281, "archive": "tmp/celeba_final_valid_replay_20261009/v4/remaining872_attempt1/chunk_022/chunk_evidence.tar.gz", "used_IDs": 11}
{"verified_IDs": 292, "archive": "tmp/celeba_final_valid_replay_20261009/v4/remaining872_attempt1/chunk_023/chunk_evidence.tar.gz", "used_IDs": 11}
{"verified_IDs": 303, "archive": "tmp/celeba_final_valid_replay_20261009/v4/remaining872_attempt1/chunk_024/chunk_evidence.tar.gz", "used_IDs": 11}
{"verified_IDs": 314, "archive": "tmp/celeba_final_valid_replay_20261009/v4/remaining872_attempt1/chunk_025/chunk_evidence.tar.gz", "used_IDs": 11}
{"verified_IDs": 325, "archive": "tmp/celeba_final_valid_replay_20261009/v4/remaining872_attempt1/chunk_026/chunk_evidence.tar.gz", "used_IDs": 11}
{"verified_IDs": 336, "archive": "tmp/celeba_final_valid_replay_20261009/v4/remaining872_attempt1/chunk_027/chunk_evidence.tar.gz", "used_IDs": 11}
{"verified_IDs": 347, "archive": "tmp/celeba_final_valid_replay_20261009/v4/remaining872_attempt1/chunk_028/chunk_evidence.tar.gz", "used_IDs": 11}
{"verified_IDs": 358, "archive": "tmp/celeba_final_valid_replay_20261009/v4/remaining872_attempt1/chunk_029/chunk_evidence.tar.gz", "used_IDs": 11}
{"verified_IDs": 369, "archive": "tmp/celeba_final_valid_replay_20261009/v4/remaining872_attempt1/chunk_030/chunk_evidence.tar.gz", "used_IDs": 11}
{"verified_IDs": 380, "archive": "tmp/celeba_final_valid_replay_20261009/v4/remaining872_attempt1/chunk_031/chunk_evidence.tar.gz", "used_IDs": 11}
{"verified_IDs": 391, "archive": "tmp/celeba_final_valid_replay_20261009/v4/remaining872_attempt1/chunk_032/chunk_evidence.tar.gz", "used_IDs": 11}
{"verified_IDs": 402, "archive": "tmp/celeba_final_valid_replay_20261009/v4/remaining872_attempt1/chunk_033/chunk_evidence.tar.gz", "used_IDs": 11}
{"verified_IDs": 413, "archive": "tmp/celeba_final_valid_replay_20261009/v4/remaining872_attempt1/chunk_034/chunk_evidence.tar.gz", "used_IDs": 11}
{"verified_IDs": 424, "archive": "tmp/celeba_final_valid_replay_20261009/v4/remaining872_attempt1/chunk_035/chunk_evidence.tar.gz", "used_IDs": 11}
{"verified_IDs": 434, "archive": "tmp/celeba_final_valid_replay_20261009/v4/remaining872_attempt1/chunk_036/failure_chunk_evidence.tar.gz", "used_IDs": 10}
{"verified_IDs": 435, "archive": "tmp/celeba_native_mismatch_diagnostic_execution_20261009/attempt2_backup/evidence.tar.gz", "used_IDs": 1}
{"verified_IDs": 436, "archive": "tmp/celeba_valid_gpu_recovery_execution_20261009/first1_backup/chunk_evidence.tar.gz", "used_IDs": 1}
{"verified_IDs": 447, "archive": "tmp/celeba_valid_gpu_remaining464_evidence_20261009/chunk_000/chunk_evidence.tar.gz", "used_IDs": 11}
{"verified_IDs": 458, "archive": "tmp/celeba_valid_gpu_remaining464_evidence_20261009/chunk_001/chunk_evidence.tar.gz", "used_IDs": 11}
{"verified_IDs": 460, "archive": "tmp/celeba_valid_gpu_remaining464_execution_20261009/failure_chunk002/failure_chunk_evidence.tar.gz", "used_IDs": 2}
{"verified_IDs": 471, "archive": "tmp/celeba_valid_gpu_remaining440_v2_evidence_20261009/chunk_000/chunk_evidence.tar.gz", "used_IDs": 11}
{"verified_IDs": 482, "archive": "tmp/celeba_valid_gpu_remaining440_v2_evidence_20261009/chunk_001/chunk_evidence.tar.gz", "used_IDs": 11}
{"verified_IDs": 493, "archive": "tmp/celeba_valid_gpu_remaining440_v2_evidence_20261009/chunk_002/chunk_evidence.tar.gz", "used_IDs": 11}
{"verified_IDs": 504, "archive": "tmp/celeba_valid_gpu_remaining440_v2_evidence_20261009/chunk_003/chunk_evidence.tar.gz", "used_IDs": 11}
{"verified_IDs": 515, "archive": "tmp/celeba_valid_gpu_remaining440_v2_evidence_20261009/chunk_004/chunk_evidence.tar.gz", "used_IDs": 11}
{"verified_IDs": 526, "archive": "tmp/celeba_valid_gpu_remaining440_v2_evidence_20261009/chunk_005/chunk_evidence.tar.gz", "used_IDs": 11}
{"verified_IDs": 537, "archive": "tmp/celeba_valid_gpu_remaining440_v2_evidence_20261009/chunk_006/chunk_evidence.tar.gz", "used_IDs": 11}
{"verified_IDs": 548, "archive": "tmp/celeba_valid_gpu_remaining440_v2_evidence_20261009/chunk_007/chunk_evidence.tar.gz", "used_IDs": 11}
{"verified_IDs": 559, "archive": "tmp/celeba_valid_gpu_remaining440_v2_evidence_20261009/chunk_008/chunk_evidence.tar.gz", "used_IDs": 11}
{"verified_IDs": 570, "archive": "tmp/celeba_valid_gpu_remaining440_v2_evidence_20261009/chunk_009/chunk_evidence.tar.gz", "used_IDs": 11}
{"verified_IDs": 581, "archive": "tmp/celeba_valid_gpu_remaining440_v2_evidence_20261009/chunk_010/chunk_evidence.tar.gz", "used_IDs": 11}
{"verified_IDs": 592, "archive": "tmp/celeba_valid_gpu_remaining440_v2_evidence_20261009/chunk_011/chunk_evidence.tar.gz", "used_IDs": 11}
{"verified_IDs": 603, "archive": "tmp/celeba_valid_gpu_remaining440_v2_evidence_20261009/chunk_012/chunk_evidence.tar.gz", "used_IDs": 11}
{"verified_IDs": 614, "archive": "tmp/celeba_valid_gpu_remaining440_v2_evidence_20261009/chunk_013/chunk_evidence.tar.gz", "used_IDs": 11}
{"verified_IDs": 625, "archive": "tmp/celeba_valid_gpu_remaining440_v2_evidence_20261009/chunk_014/chunk_evidence.tar.gz", "used_IDs": 11}
{"verified_IDs": 636, "archive": "tmp/celeba_valid_gpu_remaining440_v2_evidence_20261009/chunk_015/chunk_evidence.tar.gz", "used_IDs": 11}
{"verified_IDs": 647, "archive": "tmp/celeba_valid_gpu_remaining440_v2_evidence_20261009/chunk_016/chunk_evidence.tar.gz", "used_IDs": 11}
{"verified_IDs": 658, "archive": "tmp/celeba_valid_gpu_remaining440_v2_evidence_20261009/chunk_017/chunk_evidence.tar.gz", "used_IDs": 11}
{"verified_IDs": 669, "archive": "tmp/celeba_valid_gpu_remaining440_v2_evidence_20261009/chunk_018/chunk_evidence.tar.gz", "used_IDs": 11}
{"verified_IDs": 680, "archive": "tmp/celeba_valid_gpu_remaining440_v2_evidence_20261009/chunk_019/chunk_evidence.tar.gz", "used_IDs": 11}
{"verified_IDs": 691, "archive": "tmp/celeba_valid_gpu_remaining440_v2_evidence_20261009/chunk_020/chunk_evidence.tar.gz", "used_IDs": 11}
{"verified_IDs": 702, "archive": "tmp/celeba_valid_gpu_remaining440_v2_evidence_20261009/chunk_021/chunk_evidence.tar.gz", "used_IDs": 11}
{"verified_IDs": 713, "archive": "tmp/celeba_valid_gpu_remaining440_v2_evidence_20261009/chunk_022/chunk_evidence.tar.gz", "used_IDs": 11}
{"verified_IDs": 724, "archive": "tmp/celeba_valid_gpu_remaining440_v2_evidence_20261009/chunk_023/chunk_evidence.tar.gz", "used_IDs": 11}
{"verified_IDs": 735, "archive": "tmp/celeba_valid_gpu_remaining440_v2_evidence_20261009/chunk_024/chunk_evidence.tar.gz", "used_IDs": 11}
{"verified_IDs": 746, "archive": "tmp/celeba_valid_gpu_remaining440_v2_evidence_20261009/chunk_025/chunk_evidence.tar.gz", "used_IDs": 11}
{"verified_IDs": 757, "archive": "tmp/celeba_valid_gpu_remaining440_v2_evidence_20261009/chunk_026/chunk_evidence.tar.gz", "used_IDs": 11}
{"verified_IDs": 768, "archive": "tmp/celeba_valid_gpu_remaining440_v2_evidence_20261009/chunk_027/chunk_evidence.tar.gz", "used_IDs": 11}
{"verified_IDs": 779, "archive": "tmp/celeba_valid_gpu_remaining440_v2_evidence_20261009/chunk_028/chunk_evidence.tar.gz", "used_IDs": 11}
{"verified_IDs": 790, "archive": "tmp/celeba_valid_gpu_remaining440_v2_evidence_20261009/chunk_029/chunk_evidence.tar.gz", "used_IDs": 11}
{"verified_IDs": 801, "archive": "tmp/celeba_valid_gpu_remaining440_v2_evidence_20261009/chunk_030/chunk_evidence.tar.gz", "used_IDs": 11}
{"verified_IDs": 812, "archive": "tmp/celeba_valid_gpu_remaining440_v2_evidence_20261009/chunk_031/chunk_evidence.tar.gz", "used_IDs": 11}
{"verified_IDs": 823, "archive": "tmp/celeba_valid_gpu_remaining440_v2_evidence_20261009/chunk_032/chunk_evidence.tar.gz", "used_IDs": 11}
{"verified_IDs": 834, "archive": "tmp/celeba_valid_gpu_remaining440_v2_evidence_20261009/chunk_033/chunk_evidence.tar.gz", "used_IDs": 11}
{"verified_IDs": 845, "archive": "tmp/celeba_valid_gpu_remaining440_v2_evidence_20261009/chunk_034/chunk_evidence.tar.gz", "used_IDs": 11}
{"verified_IDs": 856, "archive": "tmp/celeba_valid_gpu_remaining440_v2_evidence_20261009/chunk_035/chunk_evidence.tar.gz", "used_IDs": 11}
{"verified_IDs": 867, "archive": "tmp/celeba_valid_gpu_remaining440_v2_evidence_20261009/chunk_036/chunk_evidence.tar.gz", "used_IDs": 11}
{"verified_IDs": 878, "archive": "tmp/celeba_valid_gpu_remaining440_v2_evidence_20261009/chunk_037/chunk_evidence.tar.gz", "used_IDs": 11}
{"verified_IDs": 889, "archive": "tmp/celeba_valid_gpu_remaining440_v2_evidence_20261009/chunk_038/chunk_evidence.tar.gz", "used_IDs": 11}
{"verified_IDs": 900, "archive": "tmp/celeba_valid_gpu_remaining440_v2_evidence_20261009/chunk_039/chunk_evidence.tar.gz", "used_IDs": 11}
{"status": "NUMERIC_PASS_RENDERED_PENDING_VISUAL_QA", "records": 900, "device_counts": {"CPU": 434, "GPU": 466}, "training_counts": {"2.11.0+cu128": 886, "2.11.0+cu130": 14}, "independent_pairs": {"mean_sampleSD_display_pairs": 2430}, "tables": 15}
